MAIN
VAR
IDENTIRIER	input
SEMICOMA
FUNCTION
IDENTIRIER	factIter
BEGIN_PARENTHESIS
IDENTIRIER	n
END_PARENTHESIS
SEMICOMA
VAR
IDENTIRIER	i
COMMA
IDENTIRIER	f
SEMICOMA
BEGIN_BRACE
LET
IDENTIRIER	i
DESIGNATOR
NUMBER	1
SEMICOMA
LET
IDENTIRIER	f
DESIGNATOR
NUMBER	1
SEMICOMA
WHILE
IDENTIRIER	i
LEQ
IDENTIRIER	n
DO
LET
IDENTIRIER	f
DESIGNATOR
IDENTIRIER	f
TIMES
IDENTIRIER	i
SEMICOMA
LET
IDENTIRIER	i
DESIGNATOR
IDENTIRIER	i
PLUS
NUMBER	1
OD
SEMICOMA
RETURN
IDENTIRIER	f
END_BRACE
SEMICOMA
FUNCTION
IDENTIRIER	factRec
BEGIN_PARENTHESIS
IDENTIRIER	n
END_PARENTHESIS
SEMICOMA
BEGIN_BRACE
IF
IDENTIRIER	n
LEQ
NUMBER	1
THEN
RETURN
NUMBER	1
FI
SEMICOMA
RETURN
CALL
IDENTIRIER	factRec
BEGIN_PARENTHESIS
IDENTIRIER	n
MINUS
NUMBER	1
END_PARENTHESIS
TIMES
IDENTIRIER	n
END_BRACE
SEMICOMA
BEGIN_BRACE
LET
IDENTIRIER	input
DESIGNATOR
CALL
IDENTIRIER	InputNum
BEGIN_PARENTHESIS
END_PARENTHESIS
SEMICOMA
CALL
IDENTIRIER	OutputNum
BEGIN_PARENTHESIS
CALL
IDENTIRIER	factIter
BEGIN_PARENTHESIS
IDENTIRIER	input
END_PARENTHESIS
END_PARENTHESIS
SEMICOMA
CALL
IDENTIRIER	OutputNewLine
BEGIN_PARENTHESIS
END_PARENTHESIS
SEMICOMA
CALL
IDENTIRIER	OutputNum
BEGIN_PARENTHESIS
CALL
IDENTIRIER	factRec
BEGIN_PARENTHESIS
IDENTIRIER	input
END_PARENTHESIS
END_PARENTHESIS
SEMICOMA
CALL
IDENTIRIER	OutputNewLine
BEGIN_PARENTHESIS
END_PARENTHESIS
END_BRACE
PERIOD
